Microchip MPLAB XC8 Compiler V2.46

Linker command line:

-W-3 \
  --edf=C:\Program Files\Microchip\xc8\v2.46\pic\dat\20240104201356_en.msgs \
  -pivt0x5008=05008h -cn -h+dist/default/debug\UV_Sensor.X.debug.sym \
  --cmf=dist/default/debug\UV_Sensor.X.debug.cmf -z -Q18F27Q84 \
  -oC:\Users\AREKKA~1\AppData\Local\Temp\xcBs27g.1\driver_tmp_3.o \
  --defsym=__MPLAB_BUILD=1 --fixupoverflow=error \
  -Mdist/default/debug/UV_Sensor.X.debug.map \
  --md=C:\Users\AREKKA~1\AppData\Local\Temp\xcBs27g.1\driver_tmp_0.dat -E1 \
  -ver=XC8 Compiler --acfsm=1493 -ACODE=00h-01FFFFh -ACONST=00h-01FFFFh \
  -ASMALLCONST=03700h-037FFhx457 \
  -AMEDIUMCONST=03700h-0FFFFh,013700h-01FFFFh -ACOMRAM=0501h-055Fh \
  -AABS1=0500h-036FFh -ABIGRAM=0501h-036FFh \
  -ARAM=0560h-05FFh,0600h-06FFhx49 -ABANK5=0560h-05FFh -ABANK6=0600h-06FFh \
  -ABANK7=0700h-07FFh -ABANK8=0800h-08FFh -ABANK9=0900h-09FFh \
  -ABANK10=0A00h-0AFFh -ABANK11=0B00h-0BFFh -ABANK12=0C00h-0CFFh \
  -ABANK13=0D00h-0DFFh -ABANK14=0E00h-0EFFh -ABANK15=0F00h-0FFFh \
  -ABANK16=01000h-010FFh -ABANK17=01100h-011FFh -ABANK18=01200h-012FFh \
  -ABANK19=01300h-013FFh -ABANK20=01400h-014FFh -ABANK21=01500h-015FFh \
  -ABANK22=01600h-016FFh -ABANK23=01700h-017FFh -ABANK24=01800h-018FFh \
  -ABANK25=01900h-019FFh -ABANK26=01A00h-01AFFh -ABANK27=01B00h-01BFFh \
  -ABANK28=01C00h-01CFFh -ABANK29=01D00h-01DFFh -ABANK30=01E00h-01EFFh \
  -ABANK31=01F00h-01FFFh -ABANK32=02000h-020FFh -ABANK33=02100h-021FFh \
  -ABANK34=02200h-022FFh -ABANK35=02300h-023FFh -ABANK36=02400h-024FFh \
  -ABANK37=02500h-025FFh -ABANK38=02600h-026FFh -ABANK39=02700h-027FFh \
  -ABANK40=02800h-028FFh -ABANK41=02900h-029FFh -ABANK42=02A00h-02AFFh \
  -ABANK43=02B00h-02BFFh -ABANK44=02C00h-02CFFh -ABANK45=02D00h-02DFFh \
  -ABANK46=02E00h-02EFFh -ABANK47=02F00h-02FFFh -ABANK48=03000h-030FFh \
  -ABANK49=03100h-031FFh -ABANK50=03200h-032FFh -ABANK51=03300h-033FFh \
  -ABANK52=03400h-034FFh -ABANK53=03500h-035FFh -ABANK54=03600h-036FFh \
  -ASFR=00h-0FFhx4,0400h-045Fh,0460h-04FFh,03700h-037FFhx9 \
  -ABIGSFR=00h-04FFh,03700h-03FFFh -ACONFIG=0300000h-0300023h \
  -AIDLOC=0200000h-020003Fh -AEEDATA=0380000h-03803FFh -peeprom_data=EEDATA \
  -preset_vec=00h -ppowerup=CODE,init -pramtop=03700h \
  -psmallconst=SMALLCONST -pmediumconst=MEDIUMCONST -pconst=CONST \
  -AFARRAM=00h-00h \
  -prdata=COMRAM,nvrram=COMRAM,nvbit=COMRAM,rbss=COMRAM,rbit=COMRAM \
  -pfarbss=FARRAM,fardata=FARRAM,nvFARRAM=FARRAM \
  -pintsave_regs=BIGRAM,bigbss=BIGRAM,bigdata=BIGRAM -pbss=RAM \
  -pidata=CODE,irdata=CODE,ibigdata=CODE,ifardata=CODE -prparam=COMRAM \
  C:\Users\AREKKA~1\AppData\Local\Temp\xcBs27g.1\driver_tmp_14.o \
  dist/default/debug\UV_Sensor.X.debug.o 

Object code version is 3.11

Machine type is 18F27Q84



                Name                               Link     Load   Length Selector   Space Scale
C:\Users\AREKKA~1\AppData\Local\Temp\xcBs27g.1\driver_tmp_14.o
                config                           300000   300000       23        0       4
                init                               510A     510A        4     2804       0
                reset_vec                             0        0        6        0       0
dist/default/debug\UV_Sensor.X.debug.o
                config                           300000   300000       23        0       4
                mediumconst                        510E     510E      226     2887       0
                ivt0x5008                          5008     5008      102     2804       0
                text64                             922A     922A       26     299A       0
                text63                             7482     7482      1D8     299A       0
                text62                             92CC     92CC        C     299A       0
                text61                             8790     8790       8E     299A       0
                text60                             9250     9250       22     299A       0
                text59                             9272     9272       20     299A       0
                text58                             8996     8996       78     299A       0
                text57                             8F72     8F72       46     299A       0
                text56                             9204     9204       26     299A       0
                text55                             85A2     85A2       A6     299A       0
                text54                             90B0     90B0       38     299A       0
                text53                             881E     881E       84     299A       0
                text52                             9292     9292       18     299A       0
                text51                             8C94     8C94       62     299A       0
                text50                             82CE     82CE       C4     299A       0
                text49                             8448     8448       B0     299A       0
                text48                             911E     911E       34     299A       0
                text47                             92AA     92AA       16     299A       0
                text46                             8204     8204       CA     299A       0
                text45                             8FB8     8FB8       44     299A       0
                text44                             90E8     90E8       36     299A       0
                text43                             8392     8392       B6     299A       0
                text42                             765A     765A      1BC     299A       0
                text41                             6ED6     6ED6      39A     299A       0
                text40                             84F8     84F8       AA     299A       0
                text39                             7E50     7E50      104     299A       0
                text38                             6704     6704      42A     299A       0
                text37                             9078     9078       38     299A       0
                text36                             5DA8     5DA8      4C0     299A       0
                text35                             8F2A     8F2A       48     299A       0
                text34                             7D4A     7D4A      106     299A       0
                text33                             7F54     7F54       FE     299A       0
                text32                             7270     7270      212     299A       0
                text31                             8D52     8D52       56     299A       0
                text30                             8DF8     8DF8       50     299A       0
                text29                             903C     903C       3C     299A       0
                text28                             5334     5334      A74     299A       0
                text27                             8136     8136       CE     299A       0
                text26                             8A0E     8A0E       74     299A       0
                text25                             8C30     8C30       64     299A       0
                text24                             7B14     7B14      130     299A       0
                text23                             79CA     79CA      14A     299A       0
                text22                             6268     6268      49C     299A       0
                text21                             8B66     8B66       66     299A       0
                text20                             91DC     91DC       28     299A       0
                text19                             9182     9182       2E     299A       0
                text18                             8052     8052       E4     299A       0
                text17                             9152     9152       30     299A       0
                text16                             8EE2     8EE2       48     299A       0
                text15                             86EC     86EC       A4     299A       0
                text14                             8FFC     8FFC       40     299A       0
                text13                             891E     891E       78     299A       0
                text12                             8BCC     8BCC       64     299A       0
                text11                             8648     8648       A4     299A       0
                text10                             8AF4     8AF4       72     299A       0
                text9                              8A82     8A82       72     299A       0
                text8                              92C0     92C0        C     299A       0
                text7                              8CF6     8CF6       5C     299A       0
                text6                              91B0     91B0       2C     299A       0
                text5                              8E48     8E48       4E     299A       0
                text4                              8DA8     8DA8       50     299A       0
                text3                              7C44     7C44      106     299A       0
                text2                              88A2     88A2       7C     299A       0
                text1                              7816     7816      1B4     299A       0
                text0                              6B2E     6B2E      3A8     299A       0
                cstackCOMRAM                        501      501       49      501       1
                cstackBANK5                         560      560       91      560       1
                cstackBANK6                         651      651       24      600       1
                bssBIGRAM                           675      675     2210      675       1
                bssBANK6                            600      600       51      600       1
                bssBANK5                            5F1      5F1        E      560       1
                bssCOMRAM                           54A      54A        B      501       1
                cinit                              8E96     8E96       4C     299A       0

TOTAL           Name                               Link     Load   Length     Space
        CLASS   CODE           
                init                               510A     510A        4         0
                reset_vec                             0        0        6         0
                ivt0x5008                          5008     5008      102         0
                text64                             922A     922A       26         0
                text63                             7482     7482      1D8         0
                text62                             92CC     92CC        C         0
                text61                             8790     8790       8E         0
                text60                             9250     9250       22         0
                text59                             9272     9272       20         0
                text58                             8996     8996       78         0
                text57                             8F72     8F72       46         0
                text56                             9204     9204       26         0
                text55                             85A2     85A2       A6         0
                text54                             90B0     90B0       38         0
                text53                             881E     881E       84         0
                text52                             9292     9292       18         0
                text51                             8C94     8C94       62         0
                text50                             82CE     82CE       C4         0
                text49                             8448     8448       B0         0
                text48                             911E     911E       34         0
                text47                             92AA     92AA       16         0
                text46                             8204     8204       CA         0
                text45                             8FB8     8FB8       44         0
                text44                             90E8     90E8       36         0
                text43                             8392     8392       B6         0
                text42                             765A     765A      1BC         0
                text41                             6ED6     6ED6      39A         0
                text40                             84F8     84F8       AA         0
                text39                             7E50     7E50      104         0
                text38                             6704     6704      42A         0
                text37                             9078     9078       38         0
                text36                             5DA8     5DA8      4C0         0
                text35                             8F2A     8F2A       48         0
                text34                             7D4A     7D4A      106         0
                text33                             7F54     7F54       FE         0
                text32                             7270     7270      212         0
                text31                             8D52     8D52       56         0
                text30                             8DF8     8DF8       50         0
                text29                             903C     903C       3C         0
                text28                             5334     5334      A74         0
                text27                             8136     8136       CE         0
                text26                             8A0E     8A0E       74         0
                text25                             8C30     8C30       64         0
                text24                             7B14     7B14      130         0
                text23                             79CA     79CA      14A         0
                text22                             6268     6268      49C         0
                text21                             8B66     8B66       66         0
                text20                             91DC     91DC       28         0
                text19                             9182     9182       2E         0
                text18                             8052     8052       E4         0
                text17                             9152     9152       30         0
                text16                             8EE2     8EE2       48         0
                text15                             86EC     86EC       A4         0
                text14                             8FFC     8FFC       40         0
                text13                             891E     891E       78         0
                text12                             8BCC     8BCC       64         0
                text11                             8648     8648       A4         0
                text10                             8AF4     8AF4       72         0
                text9                              8A82     8A82       72         0
                text8                              92C0     92C0        C         0
                text7                              8CF6     8CF6       5C         0
                text6                              91B0     91B0       2C         0
                text5                              8E48     8E48       4E         0
                text4                              8DA8     8DA8       50         0
                text3                              7C44     7C44      106         0
                text2                              88A2     88A2       7C         0
                text1                              7816     7816      1B4         0
                text0                              6B2E     6B2E      3A8         0
                cinit                              8E96     8E96       4C         0

        CLASS   CONST          

        CLASS   SMALLCONST     

        CLASS   MEDIUMCONST    
                mediumconst                        510E     510E      226         0

        CLASS   COMRAM         
                cstackCOMRAM                        501      501       49         1
                bssCOMRAM                           54A      54A        B         1

        CLASS   ABS1           

        CLASS   BIGRAM         
                bssBIGRAM                           675      675     2210         1

        CLASS   RAM            

        CLASS   BANK5          
                cstackBANK5                         560      560       91         1
                bssBANK5                            5F1      5F1        E         1

        CLASS   BANK6          
                cstackBANK6                         651      651       24         1
                bssBANK6                            600      600       51         1

        CLASS   BANK7          

        CLASS   BANK8          

        CLASS   BANK9          

        CLASS   BANK10         

        CLASS   BANK11         

        CLASS   BANK12         

        CLASS   BANK13         

        CLASS   BANK14         

        CLASS   BANK15         

        CLASS   BANK16         

        CLASS   BANK17         

        CLASS   BANK18         

        CLASS   BANK19         

        CLASS   BANK20         

        CLASS   BANK21         

        CLASS   BANK22         

        CLASS   BANK23         

        CLASS   BANK24         

        CLASS   BANK25         

        CLASS   BANK26         

        CLASS   BANK27         

        CLASS   BANK28         

        CLASS   BANK29         

        CLASS   BANK30         

        CLASS   BANK31         

        CLASS   BANK32         

        CLASS   BANK33         

        CLASS   BANK34         

        CLASS   BANK35         

        CLASS   BANK36         

        CLASS   BANK37         

        CLASS   BANK38         

        CLASS   BANK39         

        CLASS   BANK40         

        CLASS   BANK41         

        CLASS   BANK42         

        CLASS   BANK43         

        CLASS   BANK44         

        CLASS   BANK45         

        CLASS   BANK46         

        CLASS   BANK47         

        CLASS   BANK48         

        CLASS   BANK49         

        CLASS   BANK50         

        CLASS   BANK51         

        CLASS   BANK52         

        CLASS   BANK53         

        CLASS   BANK54         

        CLASS   SFR            

        CLASS   BIGSFR         

        CLASS   CONFIG         
                config                           300000   300000       23         4

        CLASS   IDLOC          

        CLASS   EEDATA         

        CLASS   FARRAM         

        CLASS   HEAP           

        CLASS   STACK          



SEGMENTS        Name                           Load    Length   Top    Selector   Space  Class

                reset_vec                      000000  000006  000006         0       0  CODE    
                cstackCOMRAM                   000501  000054  000555       501       1  COMRAM  
                cstackBANK5                    000560  00009F  0005FF       560       1  BANK5   
                bssBANK6                       000600  000075  000675       600       1  BANK6   
                bssBIGRAM                      000675  002210  002885       675       1  BIGRAM  
                ivt0x5008                      005008  000106  00510E      2804       0  CODE    
                mediumconst                    00510E  000226  005334      2887       0  MEDIUMCO
                text28                         005334  003FA4  0092D8      299A       0  CODE    


UNUSED ADDRESS RANGES

        Name                Unused          Largest block    Delta
        BANK40           002885-0028FF               7B
        BANK41           002900-0029FF              100
        BANK42           002A00-002AFF              100
        BANK43           002B00-002BFF              100
        BANK44           002C00-002CFF              100
        BANK45           002D00-002DFF              100
        BANK46           002E00-002EFF              100
        BANK47           002F00-002FFF              100
        BANK48           003000-0030FF              100
        BANK49           003100-0031FF              100
        BANK5            0005FF-0005FF                1
        BANK50           003200-0032FF              100
        BANK51           003300-0033FF              100
        BANK52           003400-0034FF              100
        BANK53           003500-0035FF              100
        BANK54           003600-0036FF              100
        BIGRAM           000555-00055F                B
                         0005FF-0005FF                1
                         002885-0036FF              E7B
        BIGSFR           000000-0004FF              500
                         003700-003FFF              900
        CODE             000006-005007             5002
                         0092D8-01FFFF            16D28
        COMRAM           000555-00055F                B
        CONFIG           300023-300023                1
        CONST            000006-005007             5002
                         0092D8-01FFFF            16D28
        EEDATA           380000-3803FF              400
        IDLOC            200000-20003F               40
        MEDIUMCONST      003700-005007             1908
                         0092D8-00FFFF             6D28
                         013700-01FFFF             C900
        RAM              0005FF-0005FF                1
                         002885-0036FF              100
        SFR              000000-0004FF              100
                         003700-003FFF              100
        SMALLCONST       003700-005007              100
                         0092D8-01FFFF              100

                                  Symbol Table

?_AS7331_read_measurement        cstackCOMRAM 000510
?_BT_GetLine                     cstackCOMRAM 00051D
?___awdiv                        cstackCOMRAM 00050C
?___awmod                        cstackCOMRAM 00050C
?___fladd                        cstackCOMRAM 000533
?___fldiv                        cstackCOMRAM 00050C
?___flmul                        cstackCOMRAM 00051A
?___flneg                        cstackCOMRAM 00050C
?___flsub                        cstackBANK5  000560
?___fltol                        cstackCOMRAM 000533
?___fpclassifyf                  cstackCOMRAM 00050C
?___lldiv                        cstackCOMRAM 00050C
?___lwdiv                        cstackCOMRAM 00050C
?___lwmod                        cstackCOMRAM 00050C
?___wmul                         cstackCOMRAM 00050C
?___xxtofl                       cstackCOMRAM 00050C
?_abs                            cstackCOMRAM 000512
?_dtoa                           cstackCOMRAM 000526
?_efgtoa                         cstackCOMRAM 000543
?_floorf                         cstackCOMRAM 000525
?_labs                           cstackCOMRAM 00050C
?_memcmp                         cstackCOMRAM 000512
?_pad                            cstackCOMRAM 00051D
?_printf                         cstackBANK5  0005AE
?_read_prec_or_width             cstackCOMRAM 000512
?_snprintf                       cstackBANK5  0005AE
?_strcmp                         cstackCOMRAM 000521
?_strlen                         cstackCOMRAM 00050C
?_utoa                           cstackCOMRAM 000526
?_vfpfcnvrt                      cstackBANK5  000596
?_vfprintf                       cstackBANK5  0005A6
?_xtoa                           cstackCOMRAM 000526
?i2___wmul                       cstackCOMRAM 000501
AS7331_read_measurement@lsb      cstackCOMRAM 000518
AS7331_read_measurement@msb      cstackCOMRAM 000517
AS7331_read_measurement@reg      cstackCOMRAM 000516
AS7331_read_measurement@result   cstackCOMRAM 000514
AS7331_read_reg@data             cstackCOMRAM 000511
AS7331_read_reg@reg              cstackCOMRAM 000510
AS7331_write_reg@reg             cstackBANK5  0005BC
AS7331_write_reg@value           cstackBANK5  0005BA
AS7331_write_reg@verify          cstackBANK5  0005BB
BT_Exchange@ret                  cstackCOMRAM 000523
BT_Exchange@string               cstackCOMRAM 000521
BT_ExitCommandMode@ret           cstackBANK5  0005BA
BT_GetLine@linebuffer            bssBIGRAM    002685
BT_RxBufWrite@data               cstackCOMRAM 00050B
BT_RxBufWrite@next_index         cstackCOMRAM 000509
BT_RxBufWrite@next_index_523     cstackCOMRAM 00050A
BT_SendString@String             cstackCOMRAM 00050D
I2C_Read@ack                     cstackCOMRAM 00050D
I2C_Read@bitCount                cstackCOMRAM 00050F
I2C_Read@data                    cstackCOMRAM 00050E
I2C_Write@bitCount               cstackCOMRAM 00050E
I2C_Write@data                   cstackCOMRAM 00050D
IVTBASEH                         (abs)        00045E
IVTBASEL                         (abs)        00045D
IVTBASEU                         (abs)        00045F
InitialiseBTSerial@Baud          cstackCOMRAM 000519
InitialiseBTSerial@Divisor       cstackCOMRAM 000521
InitialiseSerial@Baud            cstackCOMRAM 000519
InitialiseSerial@Divisor         cstackCOMRAM 000521
UART_SendChar@byte               cstackCOMRAM 00050C
UpdateBeaconData@UVI             cstackBANK5  0005CB
UpdateBeaconData@command         cstackBANK5  0005CF
UpdateBeaconData@uvi_scaled      cstackBANK5  0005EF
_ANSELA                          (abs)        000400
_ANSELB                          (abs)        000408
_ANSELC                          (abs)        000410
_AS7331_read_measurement         text57       008F72
_AS7331_read_reg                 text6        0091B0
_AS7331_write_reg                text5        008E48
_BTBufIndex                      bssCOMRAM    000552
_BTLineBuffer                    bssBIGRAM    000675
_BTNewLineRX                     bssBANK5     0005FD
_BTReadIndex                     bssCOMRAM    00054E
_BTWriteIndex                    bssCOMRAM    000550
_BT_ClearCommand                 text53       00881E
_BT_ConfigureBeacon              text15       0086EC
_BT_EnterCommandMode             text19       009182
_BT_Exchange                     text17       009152
_BT_ExitCommandMode              text16       008EE2
_BT_GetLine                      text18       008052
_BT_Init                         text12       008BCC
_BT_RxBufClear                   text14       008FFC
_BT_RxBufWrite                   text63       007482
_BT_SendString                   text51       008C94
_I2C_Read                        text61       008790
_I2C_Start                       text60       009250
_I2C_Stop                        text59       009272
_I2C_Write                       text58       008996
_INTCON0bits                     (abs)        0004D6
_Initialise                      text7        008CF6
_InitialiseBTSerial              text10       008AF4
_InitialiseSerial                text9        008A82
_Interrupts_Init                 text8        0092C0
_LATA                            (abs)        0004BE
_LATAbits                        (abs)        0004BE
_LATB                            (abs)        0004BF
_LATC                            (abs)        0004C0
_LATCbits                        (abs)        0004C0
_PIE9bits                        (abs)        0004A7
_PIR4bits                        (abs)        0004B2
_PIR9bits                        (abs)        0004B7
_PORTBbits                       (abs)        0004CF
_RB3PPS                          (abs)        00020C
_RB6PPS                          (abs)        00020F
_TRISA                           (abs)        0004C6
_TRISB                           (abs)        0004C7
_TRISBbits                       (abs)        0004C7
_TRISC                           (abs)        0004C8
_U1BRG                           (abs)        0002AE
_U1CON0bits                      (abs)        0002AB
_U1CON1bits                      (abs)        0002AC
_U1RXPPS                         (abs)        000272
_U1TXB                           (abs)        0002A3
_U3BRG                           (abs)        0002D4
_U3CON0bits                      (abs)        0002D1
_U3CON1bits                      (abs)        0002D2
_U3ERRIRbits                     (abs)        0002D8
_U3RXB                           (abs)        0002C7
_U3RXPPS                         (abs)        000276
_U3RxInt                         text62       0092CC
_U3TXB                           (abs)        0002C9
_UART_SendChar                   text52       009292
_UVSensor_Init                   text4        008DA8
_UpdateBeaconData                text2        0088A2
__HRAM                           (abs)        000000
__H__absolute__                  __absolute__ 000000
__Habs1                          abs1         000000
__Hbank10                        bank10       000000
__Hbank11                        bank11       000000
__Hbank12                        bank12       000000
__Hbank13                        bank13       000000
__Hbank14                        bank14       000000
__Hbank15                        bank15       000000
__Hbank16                        bank16       000000
__Hbank17                        bank17       000000
__Hbank18                        bank18       000000
__Hbank19                        bank19       000000
__Hbank20                        bank20       000000
__Hbank21                        bank21       000000
__Hbank22                        bank22       000000
__Hbank23                        bank23       000000
__Hbank24                        bank24       000000
__Hbank25                        bank25       000000
__Hbank26                        bank26       000000
__Hbank27                        bank27       000000
__Hbank28                        bank28       000000
__Hbank29                        bank29       000000
__Hbank30                        bank30       000000
__Hbank31                        bank31       000000
__Hbank32                        bank32       000000
__Hbank33                        bank33       000000
__Hbank34                        bank34       000000
__Hbank35                        bank35       000000
__Hbank36                        bank36       000000
__Hbank37                        bank37       000000
__Hbank38                        bank38       000000
__Hbank39                        bank39       000000
__Hbank40                        bank40       000000
__Hbank41                        bank41       000000
__Hbank42                        bank42       000000
__Hbank43                        bank43       000000
__Hbank44                        bank44       000000
__Hbank45                        bank45       000000
__Hbank46                        bank46       000000
__Hbank47                        bank47       000000
__Hbank48                        bank48       000000
__Hbank49                        bank49       000000
__Hbank5                         bank5        000000
__Hbank50                        bank50       000000
__Hbank51                        bank51       000000
__Hbank52                        bank52       000000
__Hbank53                        bank53       000000
__Hbank54                        bank54       000000
__Hbank6                         bank6        000000
__Hbank7                         bank7        000000
__Hbank8                         bank8        000000
__Hbank9                         bank9        000000
__Hbigbss                        bigbss       000000
__Hbigdata                       bigdata      000000
__Hbigram                        bigram       000000
__Hbigsfr                        bigsfr       000000
__Hbss                           bss          000000
__HbssBANK5                      bssBANK5     000000
__HbssBANK6                      bssBANK6     000000
__HbssBIGRAM                     bssBIGRAM    000000
__HbssCOMRAM                     bssCOMRAM    000000
__Hcinit                         cinit        000000
__Hclrtext                       clrtext      000000
__Hcomram                        comram       000000
__Hconfig                        config       300023
__Hconst                         const        000000
__HcstackBANK5                   cstackBANK5  000000
__HcstackBANK6                   cstackBANK6  000000
__HcstackCOMRAM                  cstackCOMRAM 000000
__Hdata                          data         000000
__Heeprom_data                   eeprom_data  000000
__Hfarbss                        farbss       000000
__Hfardata                       fardata      000000
__Hheap                          heap         000000
__Hibigdata                      ibigdata     000000
__Hidata                         idata        000000
__Hidloc                         idloc        000000
__Hifardata                      ifardata     000000
__Hinit                          init         00510E
__Hintsave_regs                  intsave_regs 000000
__Hirdata                        irdata       000000
__Hivt0x5008                     ivt0x5008    00510A
__Hmediumconst                   mediumconst  005334
__HnvFARRAM                      nvFARRAM     000000
__Hnvbit                         nvbit        000000
__Hnvrram                        nvrram       000000
__Hparam                         rparam       000000
__Hpowerup                       powerup      000000
__Hram                           ram          000000
__Hramtop                        ramtop       003700
__Hrbit                          rbit         000000
__Hrbss                          rbss         000000
__Hrdata                         rdata        000000
__Hreset_vec                     reset_vec    000006
__Hrparam                        rparam       000000
__Hsfr                           sfr          000000
__Hsmallconst                    smallconst   000000
__Hspace_0                       (abs)        0092D8
__Hspace_1                       (abs)        002885
__Hspace_2                       (abs)        000000
__Hspace_4                       (abs)        600023
__Hstack                         stack        000000
__Hstruct                        struct       000000
__Htemp                          temp         000000
__Htext                          text         000000
__Htext0                         text0        000000
__Htext1                         text1        000000
__Htext10                        text10       000000
__Htext11                        text11       000000
__Htext12                        text12       000000
__Htext13                        text13       000000
__Htext14                        text14       000000
__Htext15                        text15       000000
__Htext16                        text16       000000
__Htext17                        text17       000000
__Htext18                        text18       000000
__Htext19                        text19       000000
__Htext2                         text2        000000
__Htext20                        text20       000000
__Htext21                        text21       000000
__Htext22                        text22       000000
__Htext23                        text23       000000
__Htext24                        text24       000000
__Htext25                        text25       000000
__Htext26                        text26       000000
__Htext27                        text27       000000
__Htext28                        text28       000000
__Htext29                        text29       000000
__Htext3                         text3        000000
__Htext30                        text30       000000
__Htext31                        text31       000000
__Htext32                        text32       000000
__Htext33                        text33       000000
__Htext34                        text34       000000
__Htext35                        text35       000000
__Htext36                        text36       000000
__Htext37                        text37       000000
__Htext38                        text38       000000
__Htext39                        text39       000000
__Htext4                         text4        000000
__Htext40                        text40       000000
__Htext41                        text41       000000
__Htext42                        text42       000000
__Htext43                        text43       000000
__Htext44                        text44       000000
__Htext45                        text45       000000
__Htext46                        text46       000000
__Htext47                        text47       000000
__Htext48                        text48       000000
__Htext49                        text49       000000
__Htext5                         text5        000000
__Htext50                        text50       000000
__Htext51                        text51       000000
__Htext52                        text52       000000
__Htext53                        text53       000000
__Htext54                        text54       000000
__Htext55                        text55       000000
__Htext56                        text56       000000
__Htext57                        text57       000000
__Htext58                        text58       000000
__Htext59                        text59       000000
__Htext6                         text6        000000
__Htext60                        text60       000000
__Htext61                        text61       000000
__Htext62                        text62       000000
__Htext63                        text63       000000
__Htext64                        text64       000000
__Htext7                         text7        000000
__Htext8                         text8        000000
__Htext9                         text9        000000
__LRAM                           (abs)        000001
__L__absolute__                  __absolute__ 000000
__Labs1                          abs1         000000
__Lbank10                        bank10       000000
__Lbank11                        bank11       000000
__Lbank12                        bank12       000000
__Lbank13                        bank13       000000
__Lbank14                        bank14       000000
__Lbank15                        bank15       000000
__Lbank16                        bank16       000000
__Lbank17                        bank17       000000
__Lbank18                        bank18       000000
__Lbank19                        bank19       000000
__Lbank20                        bank20       000000
__Lbank21                        bank21       000000
__Lbank22                        bank22       000000
__Lbank23                        bank23       000000
__Lbank24                        bank24       000000
__Lbank25                        bank25       000000
__Lbank26                        bank26       000000
__Lbank27                        bank27       000000
__Lbank28                        bank28       000000
__Lbank29                        bank29       000000
__Lbank30                        bank30       000000
__Lbank31                        bank31       000000
__Lbank32                        bank32       000000
__Lbank33                        bank33       000000
__Lbank34                        bank34       000000
__Lbank35                        bank35       000000
__Lbank36                        bank36       000000
__Lbank37                        bank37       000000
__Lbank38                        bank38       000000
__Lbank39                        bank39       000000
__Lbank40                        bank40       000000
__Lbank41                        bank41       000000
__Lbank42                        bank42       000000
__Lbank43                        bank43       000000
__Lbank44                        bank44       000000
__Lbank45                        bank45       000000
__Lbank46                        bank46       000000
__Lbank47                        bank47       000000
__Lbank48                        bank48       000000
__Lbank49                        bank49       000000
__Lbank5                         bank5        000000
__Lbank50                        bank50       000000
__Lbank51                        bank51       000000
__Lbank52                        bank52       000000
__Lbank53                        bank53       000000
__Lbank54                        bank54       000000
__Lbank6                         bank6        000000
__Lbank7                         bank7        000000
__Lbank8                         bank8        000000
__Lbank9                         bank9        000000
__Lbigbss                        bigbss       000000
__Lbigdata                       bigdata      000000
__Lbigram                        bigram       000000
__Lbigsfr                        bigsfr       000000
__Lbss                           bss          000000
__LbssBANK5                      bssBANK5     000000
__LbssBANK6                      bssBANK6     000000
__LbssBIGRAM                     bssBIGRAM    000000
__LbssCOMRAM                     bssCOMRAM    000000
__Lcinit                         cinit        000000
__Lclrtext                       clrtext      000000
__Lcomram                        comram       000000
__Lconfig                        config       000000
__Lconst                         const        000000
__LcstackBANK5                   cstackBANK5  000000
__LcstackBANK6                   cstackBANK6  000000
__LcstackCOMRAM                  cstackCOMRAM 000000
__Ldata                          data         000000
__Leeprom_data                   eeprom_data  000000
__Lfarbss                        farbss       000000
__Lfardata                       fardata      000000
__Lheap                          heap         000000
__Libigdata                      ibigdata     000000
__Lidata                         idata        000000
__Lidloc                         idloc        000000
__Lifardata                      ifardata     000000
__Linit                          init         00510A
__Lintsave_regs                  intsave_regs 000000
__Lirdata                        irdata       000000
__Livt0x5008                     ivt0x5008    005008
__Lmediumconst                   mediumconst  00510E
__LnvFARRAM                      nvFARRAM     000000
__Lnvbit                         nvbit        000000
__Lnvrram                        nvrram       000000
__Lparam                         rparam       000000
__Lpowerup                       powerup      000000
__Lram                           ram          000000
__Lramtop                        ramtop       003700
__Lrbit                          rbit         000000
__Lrbss                          rbss         000000
__Lrdata                         rdata        000000
__Lreset_vec                     reset_vec    000000
__Lrparam                        rparam       000000
__Lsfr                           sfr          000000
__Lsmallconst                    smallconst   000000
__Lspace_0                       (abs)        000000
__Lspace_1                       (abs)        000000
__Lspace_2                       (abs)        000000
__Lspace_4                       (abs)        000000
__Lstack                         stack        000000
__Lstruct                        struct       000000
__Ltemp                          temp         000000
__Ltext                          text         000000
__Ltext0                         text0        000000
__Ltext1                         text1        000000
__Ltext10                        text10       000000
__Ltext11                        text11       000000
__Ltext12                        text12       000000
__Ltext13                        text13       000000
__Ltext14                        text14       000000
__Ltext15                        text15       000000
__Ltext16                        text16       000000
__Ltext17                        text17       000000
__Ltext18                        text18       000000
__Ltext19                        text19       000000
__Ltext2                         text2        000000
__Ltext20                        text20       000000
__Ltext21                        text21       000000
__Ltext22                        text22       000000
__Ltext23                        text23       000000
__Ltext24                        text24       000000
__Ltext25                        text25       000000
__Ltext26                        text26       000000
__Ltext27                        text27       000000
__Ltext28                        text28       000000
__Ltext29                        text29       000000
__Ltext3                         text3        000000
__Ltext30                        text30       000000
__Ltext31                        text31       000000
__Ltext32                        text32       000000
__Ltext33                        text33       000000
__Ltext34                        text34       000000
__Ltext35                        text35       000000
__Ltext36                        text36       000000
__Ltext37                        text37       000000
__Ltext38                        text38       000000
__Ltext39                        text39       000000
__Ltext4                         text4        000000
__Ltext40                        text40       000000
__Ltext41                        text41       000000
__Ltext42                        text42       000000
__Ltext43                        text43       000000
__Ltext44                        text44       000000
__Ltext45                        text45       000000
__Ltext46                        text46       000000
__Ltext47                        text47       000000
__Ltext48                        text48       000000
__Ltext49                        text49       000000
__Ltext5                         text5        000000
__Ltext50                        text50       000000
__Ltext51                        text51       000000
__Ltext52                        text52       000000
__Ltext53                        text53       000000
__Ltext54                        text54       000000
__Ltext55                        text55       000000
__Ltext56                        text56       000000
__Ltext57                        text57       000000
__Ltext58                        text58       000000
__Ltext59                        text59       000000
__Ltext6                         text6        000000
__Ltext60                        text60       000000
__Ltext61                        text61       000000
__Ltext62                        text62       000000
__Ltext63                        text63       000000
__Ltext64                        text64       000000
__Ltext7                         text7        000000
__Ltext8                         text8        000000
__Ltext9                         text9        000000
__S0                             (abs)        0092D8
__S1                             (abs)        002885
__S4                             (abs)        000000
__S5                             (abs)        000000
___awdiv                         text50       0082CE
___awdiv@counter                 cstackCOMRAM 000510
___awdiv@dividend                cstackCOMRAM 00050C
___awdiv@divisor                 cstackCOMRAM 00050E
___awdiv@quotient                cstackCOMRAM 000512
___awdiv@sign                    cstackCOMRAM 000511
___awmod                         text49       008448
___awmod@counter                 cstackCOMRAM 000510
___awmod@dividend                cstackCOMRAM 00050C
___awmod@divisor                 cstackCOMRAM 00050E
___awmod@sign                    cstackCOMRAM 000511
___fladd                         text36       005DA8
___fladd@a                       cstackCOMRAM 000537
___fladd@aexp                    cstackCOMRAM 000540
___fladd@b                       cstackCOMRAM 000533
___fladd@bexp                    cstackCOMRAM 000541
___fladd@grs                     cstackCOMRAM 000542
___fladd@signs                   cstackCOMRAM 00053F
___fldiv                         text41       006ED6
___fldiv@a                       cstackCOMRAM 000510
___fldiv@aexp                    cstackCOMRAM 000524
___fldiv@b                       cstackCOMRAM 00050C
___fldiv@bexp                    cstackCOMRAM 000523
___fldiv@grs                     cstackCOMRAM 00051F
___fldiv@new_exp                 cstackCOMRAM 00051D
___fldiv@rem                     cstackCOMRAM 000518
___fldiv@sign                    cstackCOMRAM 00051C
___fleq                          text40       0084F8
___fleq@ff1                      cstackCOMRAM 00050C
___fleq@ff2                      cstackCOMRAM 000510
___flge                          text39       007E50
___flge@ff1                      cstackCOMRAM 000533
___flge@ff2                      cstackCOMRAM 000537
___flmul                         text38       006704
___flmul@a                       cstackCOMRAM 00051E
___flmul@aexp                    cstackCOMRAM 00052B
___flmul@b                       cstackCOMRAM 00051A
___flmul@bexp                    cstackCOMRAM 00052C
___flmul@grs                     cstackCOMRAM 000527
___flmul@prod                    cstackCOMRAM 00052D
___flmul@sign                    cstackCOMRAM 000526
___flmul@temp                    cstackCOMRAM 000531
___flneg                         text37       009078
___flneg@f1                      cstackCOMRAM 00050C
___flsub                         text35       008F2A
___flsub@a                       cstackBANK5  000564
___flsub@b                       cstackBANK5  000560
___fltol                         text34       007D4A
___fltol@exp1                    cstackCOMRAM 00053C
___fltol@f1                      cstackCOMRAM 000533
___fltol@sign1                   cstackCOMRAM 00053B
___fpclassifyf                   text33       007F54
___fpclassifyf@F465              bssBANK5     0005F5
___fpclassifyf@e                 cstackCOMRAM 000514
___fpclassifyf@u                 cstackCOMRAM 000516
___fpclassifyf@x                 cstackCOMRAM 00050C
___heap_hi                       (abs)        000000
___heap_lo                       (abs)        000000
___inthi_sp                      stack        000000
___inthi_stack_hi                stack        000000
___inthi_stack_lo                stack        000000
___intlo_sp                      stack        000000
___intlo_stack_hi                stack        000000
___intlo_stack_lo                stack        000000
___lldiv                         text11       008648
___lldiv@counter                 cstackCOMRAM 000518
___lldiv@dividend                cstackCOMRAM 00050C
___lldiv@divisor                 cstackCOMRAM 000510
___lldiv@quotient                cstackCOMRAM 000514
___lwdiv                         text26       008A0E
___lwdiv@counter                 cstackCOMRAM 000512
___lwdiv@dividend                cstackCOMRAM 00050C
___lwdiv@divisor                 cstackCOMRAM 00050E
___lwdiv@quotient                cstackCOMRAM 000510
___lwmod                         text25       008C30
___lwmod@counter                 cstackCOMRAM 000510
___lwmod@dividend                cstackCOMRAM 00050C
___lwmod@divisor                 cstackCOMRAM 00050E
___param_bank                    (abs)        000000
___rparam_used                   (abs)        000001
___sp                            stack        000000
___stack_hi                      stack        000000
___stack_lo                      stack        000000
___wmul                          text56       009204
___wmul@multiplicand             cstackCOMRAM 00050E
___wmul@multiplier               cstackCOMRAM 00050C
___wmul@product                  cstackCOMRAM 000510
___xxtofl                        text1        007816
___xxtofl@arg                    cstackCOMRAM 000516
___xxtofl@exp                    cstackCOMRAM 000515
___xxtofl@sign                   cstackCOMRAM 000514
___xxtofl@val                    cstackCOMRAM 00050C
__accesstop                      (abs)        000560
__activetblptr                   (abs)        000003
__end_of_AS7331_read_measurement text57       008FB8
__end_of_AS7331_read_reg         text6        0091DC
__end_of_AS7331_write_reg        text5        008E96
__end_of_BT_ClearCommand         text53       0088A2
__end_of_BT_ConfigureBeacon      text15       008790
__end_of_BT_EnterCommandMode     text19       0091B0
__end_of_BT_Exchange             text17       009182
__end_of_BT_ExitCommandMode      text16       008F2A
__end_of_BT_GetLine              text18       008136
__end_of_BT_Init                 text12       008C30
__end_of_BT_RxBufClear           text14       00903C
__end_of_BT_RxBufWrite           text63       00765A
__end_of_BT_SendString           text51       008CF6
__end_of_I2C_Read                text61       00881E
__end_of_I2C_Start               text60       009272
__end_of_I2C_Stop                text59       009292
__end_of_I2C_Write               text58       008A0E
__end_of_Initialise              text7        008D52
__end_of_InitialiseBTSerial      text10       008B66
__end_of_InitialiseSerial        text9        008AF4
__end_of_Interrupts_Init         text8        0092CC
__end_of_U3RxInt                 text62       0092D8
__end_of_UART_SendChar           text52       0092AA
__end_of_UVSensor_Init           text4        008DF8
__end_of_UpdateBeaconData        text2        00891E
__end_of___awdiv                 text50       008392
__end_of___awmod                 text49       0084F8
__end_of___fladd                 text36       006268
__end_of___fldiv                 text41       007270
__end_of___fleq                  text40       0085A2
__end_of___flge                  text39       007F54
__end_of___flmul                 text38       006B2E
__end_of___flneg                 text37       0090B0
__end_of___flsub                 text35       008F72
__end_of___fltol                 text34       007E50
__end_of___fpclassifyf           text33       008052
__end_of___lldiv                 text11       0086EC
__end_of___lwdiv                 text26       008A82
__end_of___lwmod                 text25       008C94
__end_of___wmul                  text56       00922A
__end_of___xxtofl                text1        0079CA
__end_of__initialization         cinit        008EDC
__end_of_abs                     text48       009152
__end_of_dtoa                    text42       007816
__end_of_efgtoa                  text28       005DA8
__end_of_floorf                  text32       007482
__end_of_fputc                   text46       0082CE
__end_of_fputs                   text45       008FFC
__end_of_labs                    text31       008DA8
__end_of_main                    text0        006ED6
__end_of_memcmp                  text55       008648
__end_of_memcpy                  text30       008E48
__end_of_memset                  text54       0090E8
__end_of_pad                     text43       008448
__end_of_printf                  text20       009204
__end_of_putch                   text47       0092C0
__end_of_read_prec_or_width      text27       008204
__end_of_snprintf                text3        007D4A
__end_of_strcmp                  text13       008996
__end_of_strcpy                  text29       009078
__end_of_strlen                  text44       00911E
__end_of_utoa                    text24       007C44
__end_of_vfpfcnvrt               text22       006704
__end_of_vfprintf                text21       008BCC
__end_of_xtoa                    text23       007B14
__end_ofi2___wmul                text64       009250
__initialization                 cinit        008E96
__mediumconst                    mediumconst  00510E
__pbssBANK5                      bssBANK5     0005F1
__pbssBANK6                      bssBANK6     000600
__pbssBIGRAM                     bssBIGRAM    000675
__pbssCOMRAM                     bssCOMRAM    00054A
__pcinit                         cinit        008E96
__pcstackBANK5                   cstackBANK5  000560
__pcstackBANK6                   cstackBANK6  000651
__pcstackCOMRAM                  cstackCOMRAM 000501
__pivt0x5008                     ivt0x5008    005008
__pmediumconst                   mediumconst  00510E
__ptext0                         text0        006B2E
__ptext1                         text1        007816
__ptext10                        text10       008AF4
__ptext11                        text11       008648
__ptext12                        text12       008BCC
__ptext13                        text13       00891E
__ptext14                        text14       008FFC
__ptext15                        text15       0086EC
__ptext16                        text16       008EE2
__ptext17                        text17       009152
__ptext18                        text18       008052
__ptext19                        text19       009182
__ptext2                         text2        0088A2
__ptext20                        text20       0091DC
__ptext21                        text21       008B66
__ptext22                        text22       006268
__ptext23                        text23       0079CA
__ptext24                        text24       007B14
__ptext25                        text25       008C30
__ptext26                        text26       008A0E
__ptext27                        text27       008136
__ptext28                        text28       005334
__ptext29                        text29       00903C
__ptext3                         text3        007C44
__ptext30                        text30       008DF8
__ptext31                        text31       008D52
__ptext32                        text32       007270
__ptext33                        text33       007F54
__ptext34                        text34       007D4A
__ptext35                        text35       008F2A
__ptext36                        text36       005DA8
__ptext37                        text37       009078
__ptext38                        text38       006704
__ptext39                        text39       007E50
__ptext4                         text4        008DA8
__ptext40                        text40       0084F8
__ptext41                        text41       006ED6
__ptext42                        text42       00765A
__ptext43                        text43       008392
__ptext44                        text44       0090E8
__ptext45                        text45       008FB8
__ptext46                        text46       008204
__ptext47                        text47       0092AA
__ptext48                        text48       00911E
__ptext49                        text49       008448
__ptext5                         text5        008E48
__ptext50                        text50       0082CE
__ptext51                        text51       008C94
__ptext52                        text52       009292
__ptext53                        text53       00881E
__ptext54                        text54       0090B0
__ptext55                        text55       0085A2
__ptext56                        text56       009204
__ptext57                        text57       008F72
__ptext58                        text58       008996
__ptext59                        text59       009272
__ptext6                         text6        0091B0
__ptext60                        text60       009250
__ptext61                        text61       008790
__ptext62                        text62       0092CC
__ptext63                        text63       007482
__ptext64                        text64       00922A
__ptext7                         text7        008CF6
__ptext8                         text8        0092C0
__ptext9                         text9        008A82
__ramtop                         ramtop       003700
__smallconst                     smallconst   000000
_abs                             text48       00911E
_counter                         bssBANK6     000600
_dbuf                            bssBANK6     000601
_dtoa                            text42       00765A
_dtoa$1349                       cstackCOMRAM 00052A
_efgtoa                          text28       005334
_efgtoa$1380                     cstackBANK5  000570
_errno                           bssBANK5     0005FB
_flags                           bssCOMRAM    000554
_floorf                          text32       007270
_fputc                           text46       008204
_fputs                           text45       008FB8
_labs                            text31       008D52
_main                            text0        006B2E
_main$1768                       cstackBANK6  00065B
_memcmp                          text55       0085A2
_memcpy                          text30       008DF8
_memset                          text54       0090B0
_nout                            bssBANK5     0005F9
_pad                             text43       008392
_prec                            bssCOMRAM    00054C
_printf                          text20       0091DC
_putch                           text47       0092AA
_read_prec_or_width              text27       008136
_snprintf                        text3        007C44
_snprintf$1273                   cstackBANK5  0005B9
_strcmp                          text13       00891E
_strcpy                          text29       00903C
_strlen                          text44       0090E8
_utoa                            text24       007B14
_vfpfcnvrt                       text22       006268
_vfprintf                        text21       008B66
_width                           bssCOMRAM    00054A
_xtoa                            text23       0079CA
abs@a                            cstackCOMRAM 000512
dtoa@d                           cstackCOMRAM 000528
dtoa@fp                          cstackCOMRAM 000526
dtoa@i                           cstackCOMRAM 000531
dtoa@p                           cstackCOMRAM 00052C
dtoa@s                           cstackCOMRAM 000530
dtoa@w                           cstackCOMRAM 00052E
efgtoa@c                         cstackCOMRAM 000549
efgtoa@d                         cstackBANK5  000575
efgtoa@e                         cstackBANK5  000579
efgtoa@f                         cstackCOMRAM 000545
efgtoa@fp                        cstackCOMRAM 000543
efgtoa@g                         cstackBANK5  00058C
efgtoa@h                         cstackBANK5  000581
efgtoa@i                         cstackBANK5  000589
efgtoa@l                         cstackBANK5  000585
efgtoa@m                         cstackBANK5  000577
efgtoa@mode                      cstackBANK5  000573
efgtoa@n                         cstackBANK5  000590
efgtoa@ne                        cstackBANK5  00056A
efgtoa@nmode                     cstackBANK5  000574
efgtoa@ou                        cstackBANK5  00057B
efgtoa@p                         cstackBANK5  00056C
efgtoa@pp                        cstackBANK5  000572
efgtoa@sign                      cstackBANK5  00058B
efgtoa@t                         cstackBANK5  00056E
efgtoa@u                         cstackBANK5  000592
efgtoa@w                         cstackBANK5  00057F
end_of_initialization            cinit        008EDC
floorf@F521                      bssBANK5     0005F1
floorf@e                         cstackCOMRAM 000533
floorf@m                         cstackCOMRAM 00052F
floorf@u                         cstackCOMRAM 000535
floorf@x                         cstackCOMRAM 000525
fputc@c                          cstackCOMRAM 00050D
fputc@fp                         cstackCOMRAM 00050F
fputs@c                          cstackCOMRAM 00051A
fputs@fp                         cstackCOMRAM 000518
fputs@i                          cstackCOMRAM 00051B
fputs@s                          cstackCOMRAM 000516
i2___wmul                        text64       00922A
i2___wmul@multiplicand           cstackCOMRAM 000503
i2___wmul@multiplier             cstackCOMRAM 000501
i2___wmul@product                cstackCOMRAM 000505
intlevel0                        text         000000
intlevel1                        text         000000
intlevel2                        text         000000
intlevel3                        text         000000
isa$std                          (abs)        000001
isa$xinst                        (abs)        000000
ivt0x5008_base                   ivt0x5008    005008
ivt0x5008_undefint               ivt0x5008    005108
labs@a                           cstackCOMRAM 00050C
main@MRES1                       cstackBANK6  00066D
main@MRES2                       cstackBANK6  00066F
main@MRES3                       cstackBANK6  000671
main@OSR_STAT                    cstackBANK6  00065F
main@UVA_nW                      cstackBANK6  000661
main@UVB_nW                      cstackBANK6  000665
main@UVC_nW                      cstackBANK6  000657
main@UVI                         cstackBANK6  000669
main@raw_temp                    cstackBANK6  000673
main@temperature                 cstackBANK6  000653
memcmp@l                         cstackCOMRAM 000519
memcmp@n                         cstackCOMRAM 000516
memcmp@r                         cstackCOMRAM 00051B
memcmp@vl                        cstackCOMRAM 000512
memcmp@vr                        cstackCOMRAM 000514
memcpy@d                         cstackCOMRAM 000518
memcpy@d1                        cstackCOMRAM 000512
memcpy@n                         cstackCOMRAM 000516
memcpy@s                         cstackCOMRAM 00051A
memcpy@s1                        cstackCOMRAM 000514
memcpy@tmp                       cstackCOMRAM 00051C
memset@c                         cstackCOMRAM 000514
memset@dest                      cstackCOMRAM 000512
memset@n                         cstackCOMRAM 000516
memset@p                         cstackCOMRAM 000518
pad@buf                          cstackCOMRAM 00051F
pad@fp                           cstackCOMRAM 00051D
pad@i                            cstackCOMRAM 000524
pad@p                            cstackCOMRAM 000521
printf@ap                        cstackBANK5  0005B8
printf@fmt                       cstackBANK5  0005AE
putch@c                          cstackCOMRAM 00050C
read_prec_or_width@ap            cstackCOMRAM 000514
read_prec_or_width@c             cstackCOMRAM 000518
read_prec_or_width@fmt           cstackCOMRAM 000512
read_prec_or_width@n             cstackCOMRAM 000519
snprintf@ap                      cstackBANK5  0005BD
snprintf@cnt                     cstackBANK5  0005BB
snprintf@f                       cstackBANK5  0005BF
snprintf@fmt                     cstackBANK5  0005B2
snprintf@n                       cstackBANK5  0005B0
snprintf@s                       cstackBANK5  0005AE
stackhi                          (abs)        000000
stacklo                          (abs)        000000
start                            init         00510A
start_initialization             cinit        008E96
strcmp@l                         cstackCOMRAM 000521
strcmp@r                         cstackCOMRAM 000523
strcpy@d                         cstackCOMRAM 000510
strcpy@dest                      cstackCOMRAM 00050C
strcpy@src                       cstackCOMRAM 00050E
strlen@a                         cstackCOMRAM 00050E
strlen@s                         cstackCOMRAM 00050C
utoa@d                           cstackCOMRAM 000528
utoa@fp                          cstackCOMRAM 000526
utoa@i                           cstackCOMRAM 00052E
utoa@p                           cstackCOMRAM 00052A
utoa@w                           cstackCOMRAM 00052C
vfpfcnvrt@ap                     cstackBANK5  00059A
vfpfcnvrt@c                      cstackBANK5  00059F
vfpfcnvrt@convarg                cstackBANK5  0005A0
vfpfcnvrt@cp                     cstackBANK5  0005A4
vfpfcnvrt@done                   cstackBANK5  00059E
vfpfcnvrt@fmt                    cstackBANK5  000598
vfpfcnvrt@fp                     cstackBANK5  000596
vfprintf@ap                      cstackBANK5  0005AA
vfprintf@cfmt                    cstackBANK5  0005AC
vfprintf@fmt                     cstackBANK5  0005A8
vfprintf@fp                      cstackBANK5  0005A6
xtoa@c                           cstackCOMRAM 000531
xtoa@d                           cstackCOMRAM 000528
xtoa@fp                          cstackCOMRAM 000526
xtoa@i                           cstackCOMRAM 000532
xtoa@p                           cstackCOMRAM 00052D
xtoa@w                           cstackCOMRAM 00052F


MODULE INFORMATION

Module		Function		Class		Link	Load	Size
C:\Program Files\Microchip\xc8\v2.46\pic\sources\c99\common\fltol.c
		___fltol       		CODE           	7D4A	0000	262

C:\Program Files\Microchip\xc8\v2.46\pic\sources\c99\common\fltol.c estimated size: 262

C:\Program Files\Microchip\xc8\v2.46\pic\sources\c99\common\nf_snprintf.c
		_snprintf      		CODE           	7C44	0000	262

C:\Program Files\Microchip\xc8\v2.46\pic\sources\c99\common\nf_snprintf.c estimated size: 262

serial.c
		_putch         		CODE           	92AA	0000	22
		_InitialiseSerial		CODE           	8A82	0000	114
		_UART_SendChar 		CODE           	9292	0000	24
		_InitialiseBTSerial		CODE           	8AF4	0000	114

serial.c estimated size: 274

C:\Program Files\Microchip\xc8\v2.46\pic\sources\c99\common\printf.c
		_printf        		CODE           	91DC	0000	40

C:\Program Files\Microchip\xc8\v2.46\pic\sources\c99\common\printf.c estimated size: 40

C:\Program Files\Microchip\xc8\v2.46\pic\sources\c99\common\floorf.c
		_floorf        		CODE           	7270	0000	530

C:\Program Files\Microchip\xc8\v2.46\pic\sources\c99\common\floorf.c estimated size: 530

C:\Program Files\Microchip\xc8\v2.46\pic\sources\c99\common\nf_fputc.c
		_fputc         		CODE           	8204	0000	202

C:\Program Files\Microchip\xc8\v2.46\pic\sources\c99\common\nf_fputc.c estimated size: 202

C:\Program Files\Microchip\xc8\v2.46\pic\sources\c99\common\lwdiv.c
		___lwdiv       		CODE           	8A0E	0000	116

C:\Program Files\Microchip\xc8\v2.46\pic\sources\c99\common\lwdiv.c estimated size: 116

C:\Program Files\Microchip\xc8\v2.46\pic\sources\c99\common\awdiv.c
		___awdiv       		CODE           	82CE	0000	196

C:\Program Files\Microchip\xc8\v2.46\pic\sources\c99\common\awdiv.c estimated size: 196

interrupts.c
		_U3RxInt       		CODE           	92CC	0000	12
		_Interrupts_Init		CODE           	92C0	0000	12

interrupts.c estimated size: 24

C:\Program Files\Microchip\xc8\v2.46\pic\sources\c99\common\xxtofl.c
		___xxtofl      		CODE           	7816	0000	436

C:\Program Files\Microchip\xc8\v2.46\pic\sources\c99\common\xxtofl.c estimated size: 436

I2C.c
		_UVSensor_Init 		CODE           	8DA8	0000	80
		_AS7331_write_reg		CODE           	8E48	0000	78
		_I2C_Write     		CODE           	8996	0000	120
		_I2C_Stop      		CODE           	9272	0000	32
		_I2C_Read      		CODE           	8790	0000	142
		_AS7331_read_reg		CODE           	91B0	0000	44
		_AS7331_read_measurement		CODE           	8F72	0000	70
		_I2C_Start     		CODE           	9250	0000	34

I2C.c estimated size: 600

C:\Program Files\Microchip\xc8\v2.46\pic\sources\c99\common\strlen.c
		_strlen        		CODE           	90E8	0000	54

C:\Program Files\Microchip\xc8\v2.46\pic\sources\c99\common\strlen.c estimated size: 54

C:\Program Files\Microchip\xc8\v2.46\pic\sources\c99\common\flneg.c
		___flneg       		CODE           	9078	0000	56

C:\Program Files\Microchip\xc8\v2.46\pic\sources\c99\common\flneg.c estimated size: 56

C:\Program Files\Microchip\xc8\v2.46\pic\sources\c99\common\strcmp.c
		_strcmp        		CODE           	891E	0000	120

C:\Program Files\Microchip\xc8\v2.46\pic\sources\c99\common\strcmp.c estimated size: 120

C:\Program Files\Microchip\xc8\v2.46\pic\sources\c99\common\__fpclassifyf.c
		___fpclassifyf 		CODE           	7F54	0000	254

C:\Program Files\Microchip\xc8\v2.46\pic\sources\c99\common\__fpclassifyf.c estimated size: 254

C:\Program Files\Microchip\xc8\v2.46\pic\sources\c99\common\sprcmul.c
		___flmul       		CODE           	6704	0000	1066

C:\Program Files\Microchip\xc8\v2.46\pic\sources\c99\common\sprcmul.c estimated size: 1066

C:\Program Files\Microchip\xc8\v2.46\pic\sources\c99\common\strcpy.c
		_strcpy        		CODE           	903C	0000	60

C:\Program Files\Microchip\xc8\v2.46\pic\sources\c99\common\strcpy.c estimated size: 60

C:\Program Files\Microchip\xc8\v2.46\pic\sources\c99\common\memset.c
		_memset        		CODE           	90B0	0000	56

C:\Program Files\Microchip\xc8\v2.46\pic\sources\c99\common\memset.c estimated size: 56

C:\Program Files\Microchip\xc8\v2.46\pic\sources\c99\common\sprcdiv.c
		___fldiv       		CODE           	6ED6	0000	922

C:\Program Files\Microchip\xc8\v2.46\pic\sources\c99\common\sprcdiv.c estimated size: 922

C:\Program Files\Microchip\xc8\v2.46\pic\sources\c99\common\fleq.c
		___fleq        		CODE           	84F8	0000	170

C:\Program Files\Microchip\xc8\v2.46\pic\sources\c99\common\fleq.c estimated size: 170

C:\Program Files\Microchip\xc8\v2.46\pic\sources\c99\common\doprnt.c
		_read_prec_or_width		CODE           	8136	0000	206
		_vfpfcnvrt     		CODE           	6268	0000	1180
		_efgtoa        		CODE           	5334	0000	2676
		_pad           		CODE           	8392	0000	182
		_dtoa          		CODE           	765A	0000	444
		_vfprintf      		CODE           	8B66	0000	102
		_utoa          		CODE           	7B14	0000	304
		_xtoa          		CODE           	79CA	0000	330

C:\Program Files\Microchip\xc8\v2.46\pic\sources\c99\common\doprnt.c estimated size: 5424

shared
		i2___wmul      		CODE           	922A	0000	38
		__initialization		CODE           	8E96	0000	70

shared estimated size: 108

C:\Program Files\Microchip\xc8\v2.46\pic\sources\c99\common\__lldiv.c
		___lldiv       		CODE           	8648	0000	164

C:\Program Files\Microchip\xc8\v2.46\pic\sources\c99\common\__lldiv.c estimated size: 164

C:\Program Files\Microchip\xc8\v2.46\pic\sources\c99\common\Umul16.c
		___wmul        		CODE           	9204	0000	38

C:\Program Files\Microchip\xc8\v2.46\pic\sources\c99\common\Umul16.c estimated size: 38

C:\Program Files\Microchip\xc8\v2.46\pic\sources\c99\common\nf_fputs.c
		_fputs         		CODE           	8FB8	0000	68

C:\Program Files\Microchip\xc8\v2.46\pic\sources\c99\common\nf_fputs.c estimated size: 68

C:\Program Files\Microchip\xc8\v2.46\pic\sources\c99\common\sprcadd.c
		___flsub       		CODE           	8F2A	0000	72
		___fladd       		CODE           	5DA8	0000	1216

C:\Program Files\Microchip\xc8\v2.46\pic\sources\c99\common\sprcadd.c estimated size: 1288

C:\Program Files\Microchip\xc8\v2.46\pic\sources\c99\common\memcmp.c
		_memcmp        		CODE           	85A2	0000	166

C:\Program Files\Microchip\xc8\v2.46\pic\sources\c99\common\memcmp.c estimated size: 166

C:\Program Files\Microchip\xc8\v2.46\pic\sources\c99\common\memcpy.c
		_memcpy        		CODE           	8DF8	0000	80

C:\Program Files\Microchip\xc8\v2.46\pic\sources\c99\common\memcpy.c estimated size: 80

bluetooth.c
		_BT_ClearCommand		CODE           	881E	0000	132
		_BT_ConfigureBeacon		CODE           	86EC	0000	164
		_UpdateBeaconData		CODE           	88A2	0000	124
		_BT_GetLine    		CODE           	8052	0000	228
		_BT_ExitCommandMode		CODE           	8EE2	0000	72
		_BT_EnterCommandMode		CODE           	9182	0000	46
		_BT_RxBufWrite 		CODE           	7482	0000	472
		_BT_RxBufClear 		CODE           	8FFC	0000	64
		_BT_Init       		CODE           	8BCC	0000	100
		_BT_Exchange   		CODE           	9152	0000	48
		_BT_SendString 		CODE           	8C94	0000	98

bluetooth.c estimated size: 1548

C:\Program Files\Microchip\xc8\v2.46\pic\sources\c99\common\lwmod.c
		___lwmod       		CODE           	8C30	0000	100

C:\Program Files\Microchip\xc8\v2.46\pic\sources\c99\common\lwmod.c estimated size: 100

C:\Program Files\Microchip\xc8\v2.46\pic\sources\c99\common\labs.c
		_labs          		CODE           	8D52	0000	86

C:\Program Files\Microchip\xc8\v2.46\pic\sources\c99\common\labs.c estimated size: 86

C:\Program Files\Microchip\xc8\v2.46\pic\sources\c99\common\abs.c
		_abs           		CODE           	911E	0000	52

C:\Program Files\Microchip\xc8\v2.46\pic\sources\c99\common\abs.c estimated size: 52

C:\Program Files\Microchip\xc8\v2.46\pic\sources\c99\common\awmod.c
		___awmod       		CODE           	8448	0000	176

C:\Program Files\Microchip\xc8\v2.46\pic\sources\c99\common\awmod.c estimated size: 176

main.c
		_main          		CODE           	6B2E	0000	936
		_Initialise    		CODE           	8CF6	0000	92

main.c estimated size: 1028

C:\Program Files\Microchip\xc8\v2.46\pic\sources\c99\common\flge.c
		___flge        		CODE           	7E50	0000	260

C:\Program Files\Microchip\xc8\v2.46\pic\sources\c99\common\flge.c estimated size: 260

